[Thu Apr 20 21:46:06.313049 2023] [php:error] [pid 12084:tid 1200] [client 127.0.0.1:61325] PHP Fatal error:  Uncaught mysqli_sql_exception: Table 'site.chapters' doesn't exist in E:\\Server\\data\\htdocs\\site\\index.php:27\nStack trace:\n#0 E:\\Server\\data\\htdocs\\site\\index.php(27): mysqli->query('SELECT * FROM `...')\n#1 {main}\n  thrown in E:\\Server\\data\\htdocs\\site\\index.php on line 27, referer: http://127.0.0.1:81/
[Thu Apr 20 21:51:12.039333 2023] [php:notice] [pid 12084:tid 1224] [client 127.0.0.1:61596] PHP Notice:  session_start(): Ignoring session_start() because a session is already active in E:\\Server\\data\\htdocs\\site\\html_components\\header.php on line 2, referer: http://127.0.0.1:81/
[Thu Apr 20 21:51:12.040327 2023] [php:error] [pid 12084:tid 1224] [client 127.0.0.1:61596] PHP Fatal error:  Uncaught mysqli_sql_exception: Table 'site.chapters' doesn't exist in E:\\Server\\data\\htdocs\\site\\index.php:27\nStack trace:\n#0 E:\\Server\\data\\htdocs\\site\\index.php(27): mysqli->query('SELECT * FROM `...')\n#1 {main}\n  thrown in E:\\Server\\data\\htdocs\\site\\index.php on line 27, referer: http://127.0.0.1:81/
[Fri Apr 21 12:04:04.746928 2023] [authz_core:error] [pid 12084:tid 1200] [client 127.0.0.1:49206] AH01630: client denied by server configuration: E:/Server/data/htdocs/.htaccess
[Fri Apr 21 12:04:06.524358 2023] [php:notice] [pid 12084:tid 1200] [client 127.0.0.1:49206] PHP Notice:  session_start(): Ignoring session_start() because a session is already active in E:\\Server\\data\\htdocs\\site\\html_components\\header.php on line 2, referer: http://127.0.0.1:81/
[Fri Apr 21 12:04:06.560704 2023] [php:error] [pid 12084:tid 1200] [client 127.0.0.1:49206] PHP Fatal error:  Uncaught mysqli_sql_exception: Table 'site.chapters' doesn't exist in E:\\Server\\data\\htdocs\\site\\index.php:27\nStack trace:\n#0 E:\\Server\\data\\htdocs\\site\\index.php(27): mysqli->query('SELECT * FROM `...')\n#1 {main}\n  thrown in E:\\Server\\data\\htdocs\\site\\index.php on line 27, referer: http://127.0.0.1:81/
[Fri Apr 21 12:04:10.634703 2023] [php:notice] [pid 12084:tid 1224] [client 127.0.0.1:49207] PHP Notice:  session_start(): Ignoring session_start() because a session is already active in E:\\Server\\data\\htdocs\\site\\html_components\\header.php on line 2, referer: http://127.0.0.1:81/
[Fri Apr 21 12:04:10.637704 2023] [php:error] [pid 12084:tid 1224] [client 127.0.0.1:49207] PHP Fatal error:  Uncaught mysqli_sql_exception: Table 'site.chapters' doesn't exist in E:\\Server\\data\\htdocs\\site\\index.php:27\nStack trace:\n#0 E:\\Server\\data\\htdocs\\site\\index.php(27): mysqli->query('SELECT * FROM `...')\n#1 {main}\n  thrown in E:\\Server\\data\\htdocs\\site\\index.php on line 27, referer: http://127.0.0.1:81/
[Fri Apr 21 12:04:11.489484 2023] [php:error] [pid 12084:tid 1200] [client 127.0.0.1:49218] script 'E:/Server/data/htdocs/index.php' not found or unable to stat, referer: http://127.0.0.1:81/site/
[Fri Apr 21 12:04:12.577830 2023] [php:notice] [pid 12084:tid 1200] [client 127.0.0.1:49218] PHP Notice:  session_start(): Ignoring session_start() because a session is already active in E:\\Server\\data\\htdocs\\site\\html_components\\header.php on line 2, referer: http://127.0.0.1:81/
[Fri Apr 21 12:04:12.579830 2023] [php:error] [pid 12084:tid 1200] [client 127.0.0.1:49218] PHP Fatal error:  Uncaught mysqli_sql_exception: Table 'site.chapters' doesn't exist in E:\\Server\\data\\htdocs\\site\\index.php:27\nStack trace:\n#0 E:\\Server\\data\\htdocs\\site\\index.php(27): mysqli->query('SELECT * FROM `...')\n#1 {main}\n  thrown in E:\\Server\\data\\htdocs\\site\\index.php on line 27, referer: http://127.0.0.1:81/
[Fri Apr 21 12:04:14.516494 2023] [php:error] [pid 12084:tid 1224] [client 127.0.0.1:49226] script 'E:/Server/data/htdocs/search.php' not found or unable to stat, referer: http://127.0.0.1:81/site/
[Fri Apr 21 12:04:16.358361 2023] [php:notice] [pid 12084:tid 1224] [client 127.0.0.1:49226] PHP Notice:  session_start(): Ignoring session_start() because a session is already active in E:\\Server\\data\\htdocs\\site\\html_components\\header.php on line 2, referer: http://127.0.0.1:81/
[Fri Apr 21 12:04:16.360355 2023] [php:error] [pid 12084:tid 1224] [client 127.0.0.1:49226] PHP Fatal error:  Uncaught mysqli_sql_exception: Table 'site.chapters' doesn't exist in E:\\Server\\data\\htdocs\\site\\index.php:27\nStack trace:\n#0 E:\\Server\\data\\htdocs\\site\\index.php(27): mysqli->query('SELECT * FROM `...')\n#1 {main}\n  thrown in E:\\Server\\data\\htdocs\\site\\index.php on line 27, referer: http://127.0.0.1:81/
[Fri Apr 21 12:05:37.323320 2023] [mpm_winnt:notice] [pid 5488:tid 384] AH00424: Parent: Received restart signal -- Restarting the server.
PHP Warning:  PHP Startup: Unable to load dynamic library 'curl' (tried: E:\\Server\\bin\\PHP\\ext\\curl (\xd0\x9d\xd0\xb5 \xd0\xbd\xd0\xb0\xd0\xb9\xd0\xb4\xd0\xb5\xd0\xbd \xd1\x83\xd0\xba\xd0\xb0\xd0\xb7\xd0\xb0\xd0\xbd\xd0\xbd\xd1\x8b\xd0\xb9 \xd0\xbc\xd0\xbe\xd0\xb4\xd1\x83\xd0\xbb\xd1\x8c), E:\\Server\\bin\\PHP\\ext\\php_curl.dll (\xd0\x9d\xd0\xb5 \xd0\xbd\xd0\xb0\xd0\xb9\xd0\xb4\xd0\xb5\xd0\xbd \xd1\x83\xd0\xba\xd0\xb0\xd0\xb7\xd0\xb0\xd0\xbd\xd0\xbd\xd1\x8b\xd0\xb9 \xd0\xbc\xd0\xbe\xd0\xb4\xd1\x83\xd0\xbb\xd1\x8c)) in Unknown on line 0
PHP Warning:  PHP Startup: Unable to load dynamic library 'ftp' (tried: E:\\Server\\bin\\PHP\\ext\\ftp (\xd0\x9d\xd0\xb5 \xd0\xbd\xd0\xb0\xd0\xb9\xd0\xb4\xd0\xb5\xd0\xbd \xd1\x83\xd0\xba\xd0\xb0\xd0\xb7\xd0\xb0\xd0\xbd\xd0\xbd\xd1\x8b\xd0\xb9 \xd0\xbc\xd0\xbe\xd0\xb4\xd1\x83\xd0\xbb\xd1\x8c), E:\\Server\\bin\\PHP\\ext\\php_ftp.dll (\xd0\x9d\xd0\xb5 \xd0\xbd\xd0\xb0\xd0\xb9\xd0\xb4\xd0\xb5\xd0\xbd \xd1\x83\xd0\xba\xd0\xb0\xd0\xb7\xd0\xb0\xd0\xbd\xd0\xbd\xd1\x8b\xd0\xb9 \xd0\xbc\xd0\xbe\xd0\xb4\xd1\x83\xd0\xbb\xd1\x8c)) in Unknown on line 0
PHP Warning:  PHP Startup: Unable to load dynamic library 'intl' (tried: E:\\Server\\bin\\PHP\\ext\\intl (\xd0\x9d\xd0\xb5 \xd0\xbd\xd0\xb0\xd0\xb9\xd0\xb4\xd0\xb5\xd0\xbd \xd1\x83\xd0\xba\xd0\xb0\xd0\xb7\xd0\xb0\xd0\xbd\xd0\xbd\xd1\x8b\xd0\xb9 \xd0\xbc\xd0\xbe\xd0\xb4\xd1\x83\xd0\xbb\xd1\x8c), E:\\Server\\bin\\PHP\\ext\\php_intl.dll (\xd0\x9d\xd0\xb5 \xd0\xbd\xd0\xb0\xd0\xb9\xd0\xb4\xd0\xb5\xd0\xbd \xd1\x83\xd0\xba\xd0\xb0\xd0\xb7\xd0\xb0\xd0\xbd\xd0\xbd\xd1\x8b\xd0\xb9 \xd0\xbc\xd0\xbe\xd0\xb4\xd1\x83\xd0\xbb\xd1\x8c)) in Unknown on line 0
PHP Warning:  PHP Startup: Unable to load dynamic library 'oci8_12c' (tried: E:\\Server\\bin\\PHP\\ext\\oci8_12c (\xd0\x9d\xd0\xb5 \xd0\xbd\xd0\xb0\xd0\xb9\xd0\xb4\xd0\xb5\xd0\xbd \xd1\x83\xd0\xba\xd0\xb0\xd0\xb7\xd0\xb0\xd0\xbd\xd0\xbd\xd1\x8b\xd0\xb9 \xd0\xbc\xd0\xbe\xd0\xb4\xd1\x83\xd0\xbb\xd1\x8c), E:\\Server\\bin\\PHP\\ext\\php_oci8_12c.dll (\xd0\x9d\xd0\xb5 \xd0\xbd\xd0\xb0\xd0\xb9\xd0\xb4\xd0\xb5\xd0\xbd \xd1\x83\xd0\xba\xd0\xb0\xd0\xb7\xd0\xb0\xd0\xbd\xd0\xbd\xd1\x8b\xd0\xb9 \xd0\xbc\xd0\xbe\xd0\xb4\xd1\x83\xd0\xbb\xd1\x8c)) in Unknown on line 0
PHP Warning:  PHP Startup: Unable to load dynamic library 'openssl' (tried: E:\\Server\\bin\\PHP\\ext\\openssl (\xd0\x9d\xd0\xb5 \xd0\xbd\xd0\xb0\xd0\xb9\xd0\xb4\xd0\xb5\xd0\xbd \xd1\x83\xd0\xba\xd0\xb0\xd0\xb7\xd0\xb0\xd0\xbd\xd0\xbd\xd1\x8b\xd0\xb9 \xd0\xbc\xd0\xbe\xd0\xb4\xd1\x83\xd0\xbb\xd1\x8c), E:\\Server\\bin\\PHP\\ext\\php_openssl.dll (\xd0\x9d\xd0\xb5 \xd0\xbd\xd0\xb0\xd0\xb9\xd0\xb4\xd0\xb5\xd0\xbd \xd1\x83\xd0\xba\xd0\xb0\xd0\xb7\xd0\xb0\xd0\xbd\xd0\xbd\xd1\x8b\xd0\xb9 \xd0\xbc\xd0\xbe\xd0\xb4\xd1\x83\xd0\xbb\xd1\x8c)) in Unknown on line 0
PHP Warning:  PHP Startup: Unable to load dynamic library 'pdo_firebird' (tried: E:\\Server\\bin\\PHP\\ext\\pdo_firebird (\xd0\x9d\xd0\xb5 \xd0\xbd\xd0\xb0\xd0\xb9\xd0\xb4\xd0\xb5\xd0\xbd \xd1\x83\xd0\xba\xd0\xb0\xd0\xb7\xd0\xb0\xd0\xbd\xd0\xbd\xd1\x8b\xd0\xb9 \xd0\xbc\xd0\xbe\xd0\xb4\xd1\x83\xd0\xbb\xd1\x8c), E:\\Server\\bin\\PHP\\ext\\php_pdo_firebird.dll (\xd0\x9d\xd0\xb5 \xd0\xbd\xd0\xb0\xd0\xb9\xd0\xb4\xd0\xb5\xd0\xbd \xd1\x83\xd0\xba\xd0\xb0\xd0\xb7\xd0\xb0\xd0\xbd\xd0\xbd\xd1\x8b\xd0\xb9 \xd0\xbc\xd0\xbe\xd0\xb4\xd1\x83\xd0\xbb\xd1\x8c)) in Unknown on line 0
PHP Warning:  PHP Startup: Unable to load dynamic library 'pdo_oci' (tried: E:\\Server\\bin\\PHP\\ext\\pdo_oci (\xd0\x9d\xd0\xb5 \xd0\xbd\xd0\xb0\xd0\xb9\xd0\xb4\xd0\xb5\xd0\xbd \xd1\x83\xd0\xba\xd0\xb0\xd0\xb7\xd0\xb0\xd0\xbd\xd0\xbd\xd1\x8b\xd0\xb9 \xd0\xbc\xd0\xbe\xd0\xb4\xd1\x83\xd0\xbb\xd1\x8c), E:\\Server\\bin\\PHP\\ext\\php_pdo_oci.dll (\xd0\x9d\xd0\xb5 \xd0\xbd\xd0\xb0\xd0\xb9\xd0\xb4\xd0\xb5\xd0\xbd \xd1\x83\xd0\xba\xd0\xb0\xd0\xb7\xd0\xb0\xd0\xbd\xd0\xbd\xd1\x8b\xd0\xb9 \xd0\xbc\xd0\xbe\xd0\xb4\xd1\x83\xd0\xbb\xd1\x8c)) in Unknown on line 0
PHP Warning:  PHP Startup: Unable to load dynamic library 'pdo_pgsql' (tried: E:\\Server\\bin\\PHP\\ext\\pdo_pgsql (\xd0\x9d\xd0\xb5 \xd0\xbd\xd0\xb0\xd0\xb9\xd0\xb4\xd0\xb5\xd0\xbd \xd1\x83\xd0\xba\xd0\xb0\xd0\xb7\xd0\xb0\xd0\xbd\xd0\xbd\xd1\x8b\xd0\xb9 \xd0\xbc\xd0\xbe\xd0\xb4\xd1\x83\xd0\xbb\xd1\x8c), E:\\Server\\bin\\PHP\\ext\\php_pdo_pgsql.dll (\xd0\x9d\xd0\xb5 \xd0\xbd\xd0\xb0\xd0\xb9\xd0\xb4\xd0\xb5\xd0\xbd \xd1\x83\xd0\xba\xd0\xb0\xd0\xb7\xd0\xb0\xd0\xbd\xd0\xbd\xd1\x8b\xd0\xb9 \xd0\xbc\xd0\xbe\xd0\xb4\xd1\x83\xd0\xbb\xd1\x8c)) in Unknown on line 0
PHP Warning:  PHP Startup: Unable to load dynamic library 'pdo_sqlite' (tried: E:\\Server\\bin\\PHP\\ext\\pdo_sqlite (\xd0\x9d\xd0\xb5 \xd0\xbd\xd0\xb0\xd0\xb9\xd0\xb4\xd0\xb5\xd0\xbd \xd1\x83\xd0\xba\xd0\xb0\xd0\xb7\xd0\xb0\xd0\xbd\xd0\xbd\xd1\x8b\xd0\xb9 \xd0\xbc\xd0\xbe\xd0\xb4\xd1\x83\xd0\xbb\xd1\x8c), E:\\Server\\bin\\PHP\\ext\\php_pdo_sqlite.dll (\xd0\x9d\xd0\xb5 \xd0\xbd\xd0\xb0\xd0\xb9\xd0\xb4\xd0\xb5\xd0\xbd \xd1\x83\xd0\xba\xd0\xb0\xd0\xb7\xd0\xb0\xd0\xbd\xd0\xbd\xd1\x8b\xd0\xb9 \xd0\xbc\xd0\xbe\xd0\xb4\xd1\x83\xd0\xbb\xd1\x8c)) in Unknown on line 0
PHP Warning:  PHP Startup: Unable to load dynamic library 'pgsql' (tried: E:\\Server\\bin\\PHP\\ext\\pgsql (\xd0\x9d\xd0\xb5 \xd0\xbd\xd0\xb0\xd0\xb9\xd0\xb4\xd0\xb5\xd0\xbd \xd1\x83\xd0\xba\xd0\xb0\xd0\xb7\xd0\xb0\xd0\xbd\xd0\xbd\xd1\x8b\xd0\xb9 \xd0\xbc\xd0\xbe\xd0\xb4\xd1\x83\xd0\xbb\xd1\x8c), E:\\Server\\bin\\PHP\\ext\\php_pgsql.dll (\xd0\x9d\xd0\xb5 \xd0\xbd\xd0\xb0\xd0\xb9\xd0\xb4\xd0\xb5\xd0\xbd \xd1\x83\xd0\xba\xd0\xb0\xd0\xb7\xd0\xb0\xd0\xbd\xd0\xbd\xd1\x8b\xd0\xb9 \xd0\xbc\xd0\xbe\xd0\xb4\xd1\x83\xd0\xbb\xd1\x8c)) in Unknown on line 0
PHP Warning:  PHP Startup: Unable to load dynamic library 'sodium' (tried: E:\\Server\\bin\\PHP\\ext\\sodium (\xd0\x9d\xd0\xb5 \xd0\xbd\xd0\xb0\xd0\xb9\xd0\xb4\xd0\xb5\xd0\xbd \xd1\x83\xd0\xba\xd0\xb0\xd0\xb7\xd0\xb0\xd0\xbd\xd0\xbd\xd1\x8b\xd0\xb9 \xd0\xbc\xd0\xbe\xd0\xb4\xd1\x83\xd0\xbb\xd1\x8c), E:\\Server\\bin\\PHP\\ext\\php_sodium.dll (\xd0\x9d\xd0\xb5 \xd0\xbd\xd0\xb0\xd0\xb9\xd0\xb4\xd0\xb5\xd0\xbd \xd1\x83\xd0\xba\xd0\xb0\xd0\xb7\xd0\xb0\xd0\xbd\xd0\xbd\xd1\x8b\xd0\xb9 \xd0\xbc\xd0\xbe\xd0\xb4\xd1\x83\xd0\xbb\xd1\x8c)) in Unknown on line 0
PHP Warning:  PHP Startup: Unable to load dynamic library 'sqlite3' (tried: E:\\Server\\bin\\PHP\\ext\\sqlite3 (\xd0\x9d\xd0\xb5 \xd0\xbd\xd0\xb0\xd0\xb9\xd0\xb4\xd0\xb5\xd0\xbd \xd1\x83\xd0\xba\xd0\xb0\xd0\xb7\xd0\xb0\xd0\xbd\xd0\xbd\xd1\x8b\xd0\xb9 \xd0\xbc\xd0\xbe\xd0\xb4\xd1\x83\xd0\xbb\xd1\x8c), E:\\Server\\bin\\PHP\\ext\\php_sqlite3.dll (\xd0\x9d\xd0\xb5 \xd0\xbd\xd0\xb0\xd0\xb9\xd0\xb4\xd0\xb5\xd0\xbd \xd1\x83\xd0\xba\xd0\xb0\xd0\xb7\xd0\xb0\xd0\xbd\xd0\xbd\xd1\x8b\xd0\xb9 \xd0\xbc\xd0\xbe\xd0\xb4\xd1\x83\xd0\xbb\xd1\x8c)) in Unknown on line 0
[Fri Apr 21 12:05:38.113479 2023] [mpm_winnt:notice] [pid 5488:tid 384] AH00455: Apache/2.4.54 (Win64) PHP/8.2.4 configured -- resuming normal operations
[Fri Apr 21 12:05:38.113479 2023] [mpm_winnt:notice] [pid 5488:tid 384] AH00456: Apache Lounge VS16 Server built: Jun 22 2022 09:58:15
[Fri Apr 21 12:05:38.113479 2023] [core:notice] [pid 5488:tid 384] AH00094: Command line: 'E:\\Server\\bin\\Apache24\\bin\\httpd.exe -d E:/Server/bin/Apache24'
[Fri Apr 21 12:05:38.116478 2023] [mpm_winnt:notice] [pid 5488:tid 384] AH00418: Parent: Created child process 12808
PHP Warning:  PHP Startup: Unable to load dynamic library 'curl' (tried: E:\\Server\\bin\\PHP\\ext\\curl (\xd0\x9d\xd0\xb5 \xd0\xbd\xd0\xb0\xd0\xb9\xd0\xb4\xd0\xb5\xd0\xbd \xd1\x83\xd0\xba\xd0\xb0\xd0\xb7\xd0\xb0\xd0\xbd\xd0\xbd\xd1\x8b\xd0\xb9 \xd0\xbc\xd0\xbe\xd0\xb4\xd1\x83\xd0\xbb\xd1\x8c), E:\\Server\\bin\\PHP\\ext\\php_curl.dll (\xd0\x9d\xd0\xb5 \xd0\xbd\xd0\xb0\xd0\xb9\xd0\xb4\xd0\xb5\xd0\xbd \xd1\x83\xd0\xba\xd0\xb0\xd0\xb7\xd0\xb0\xd0\xbd\xd0\xbd\xd1\x8b\xd0\xb9 \xd0\xbc\xd0\xbe\xd0\xb4\xd1\x83\xd0\xbb\xd1\x8c)) in Unknown on line 0
PHP Warning:  PHP Startup: Unable to load dynamic library 'ftp' (tried: E:\\Server\\bin\\PHP\\ext\\ftp (\xd0\x9d\xd0\xb5 \xd0\xbd\xd0\xb0\xd0\xb9\xd0\xb4\xd0\xb5\xd0\xbd \xd1\x83\xd0\xba\xd0\xb0\xd0\xb7\xd0\xb0\xd0\xbd\xd0\xbd\xd1\x8b\xd0\xb9 \xd0\xbc\xd0\xbe\xd0\xb4\xd1\x83\xd0\xbb\xd1\x8c), E:\\Server\\bin\\PHP\\ext\\php_ftp.dll (\xd0\x9d\xd0\xb5 \xd0\xbd\xd0\xb0\xd0\xb9\xd0\xb4\xd0\xb5\xd0\xbd \xd1\x83\xd0\xba\xd0\xb0\xd0\xb7\xd0\xb0\xd0\xbd\xd0\xbd\xd1\x8b\xd0\xb9 \xd0\xbc\xd0\xbe\xd0\xb4\xd1\x83\xd0\xbb\xd1\x8c)) in Unknown on line 0
PHP Warning:  PHP Startup: Unable to load dynamic library 'intl' (tried: E:\\Server\\bin\\PHP\\ext\\intl (\xd0\x9d\xd0\xb5 \xd0\xbd\xd0\xb0\xd0\xb9\xd0\xb4\xd0\xb5\xd0\xbd \xd1\x83\xd0\xba\xd0\xb0\xd0\xb7\xd0\xb0\xd0\xbd\xd0\xbd\xd1\x8b\xd0\xb9 \xd0\xbc\xd0\xbe\xd0\xb4\xd1\x83\xd0\xbb\xd1\x8c), E:\\Server\\bin\\PHP\\ext\\php_intl.dll (\xd0\x9d\xd0\xb5 \xd0\xbd\xd0\xb0\xd0\xb9\xd0\xb4\xd0\xb5\xd0\xbd \xd1\x83\xd0\xba\xd0\xb0\xd0\xb7\xd0\xb0\xd0\xbd\xd0\xbd\xd1\x8b\xd0\xb9 \xd0\xbc\xd0\xbe\xd0\xb4\xd1\x83\xd0\xbb\xd1\x8c)) in Unknown on line 0
PHP Warning:  PHP Startup: Unable to load dynamic library 'oci8_12c' (tried: E:\\Server\\bin\\PHP\\ext\\oci8_12c (\xd0\x9d\xd0\xb5 \xd0\xbd\xd0\xb0\xd0\xb9\xd0\xb4\xd0\xb5\xd0\xbd \xd1\x83\xd0\xba\xd0\xb0\xd0\xb7\xd0\xb0\xd0\xbd\xd0\xbd\xd1\x8b\xd0\xb9 \xd0\xbc\xd0\xbe\xd0\xb4\xd1\x83\xd0\xbb\xd1\x8c), E:\\Server\\bin\\PHP\\ext\\php_oci8_12c.dll (\xd0\x9d\xd0\xb5 \xd0\xbd\xd0\xb0\xd0\xb9\xd0\xb4\xd0\xb5\xd0\xbd \xd1\x83\xd0\xba\xd0\xb0\xd0\xb7\xd0\xb0\xd0\xbd\xd0\xbd\xd1\x8b\xd0\xb9 \xd0\xbc\xd0\xbe\xd0\xb4\xd1\x83\xd0\xbb\xd1\x8c)) in Unknown on line 0
PHP Warning:  PHP Startup: Unable to load dynamic library 'openssl' (tried: E:\\Server\\bin\\PHP\\ext\\openssl (\xd0\x9d\xd0\xb5 \xd0\xbd\xd0\xb0\xd0\xb9\xd0\xb4\xd0\xb5\xd0\xbd \xd1\x83\xd0\xba\xd0\xb0\xd0\xb7\xd0\xb0\xd0\xbd\xd0\xbd\xd1\x8b\xd0\xb9 \xd0\xbc\xd0\xbe\xd0\xb4\xd1\x83\xd0\xbb\xd1\x8c), E:\\Server\\bin\\PHP\\ext\\php_openssl.dll (\xd0\x9d\xd0\xb5 \xd0\xbd\xd0\xb0\xd0\xb9\xd0\xb4\xd0\xb5\xd0\xbd \xd1\x83\xd0\xba\xd0\xb0\xd0\xb7\xd0\xb0\xd0\xbd\xd0\xbd\xd1\x8b\xd0\xb9 \xd0\xbc\xd0\xbe\xd0\xb4\xd1\x83\xd0\xbb\xd1\x8c)) in Unknown on line 0
PHP Warning:  PHP Startup: Unable to load dynamic library 'pdo_firebird' (tried: E:\\Server\\bin\\PHP\\ext\\pdo_firebird (\xd0\x9d\xd0\xb5 \xd0\xbd\xd0\xb0\xd0\xb9\xd0\xb4\xd0\xb5\xd0\xbd \xd1\x83\xd0\xba\xd0\xb0\xd0\xb7\xd0\xb0\xd0\xbd\xd0\xbd\xd1\x8b\xd0\xb9 \xd0\xbc\xd0\xbe\xd0\xb4\xd1\x83\xd0\xbb\xd1\x8c), E:\\Server\\bin\\PHP\\ext\\php_pdo_firebird.dll (\xd0\x9d\xd0\xb5 \xd0\xbd\xd0\xb0\xd0\xb9\xd0\xb4\xd0\xb5\xd0\xbd \xd1\x83\xd0\xba\xd0\xb0\xd0\xb7\xd0\xb0\xd0\xbd\xd0\xbd\xd1\x8b\xd0\xb9 \xd0\xbc\xd0\xbe\xd0\xb4\xd1\x83\xd0\xbb\xd1\x8c)) in Unknown on line 0
PHP Warning:  PHP Startup: Unable to load dynamic library 'pdo_oci' (tried: E:\\Server\\bin\\PHP\\ext\\pdo_oci (\xd0\x9d\xd0\xb5 \xd0\xbd\xd0\xb0\xd0\xb9\xd0\xb4\xd0\xb5\xd0\xbd \xd1\x83\xd0\xba\xd0\xb0\xd0\xb7\xd0\xb0\xd0\xbd\xd0\xbd\xd1\x8b\xd0\xb9 \xd0\xbc\xd0\xbe\xd0\xb4\xd1\x83\xd0\xbb\xd1\x8c), E:\\Server\\bin\\PHP\\ext\\php_pdo_oci.dll (\xd0\x9d\xd0\xb5 \xd0\xbd\xd0\xb0\xd0\xb9\xd0\xb4\xd0\xb5\xd0\xbd \xd1\x83\xd0\xba\xd0\xb0\xd0\xb7\xd0\xb0\xd0\xbd\xd0\xbd\xd1\x8b\xd0\xb9 \xd0\xbc\xd0\xbe\xd0\xb4\xd1\x83\xd0\xbb\xd1\x8c)) in Unknown on line 0
PHP Warning:  PHP Startup: Unable to load dynamic library 'pdo_pgsql' (tried: E:\\Server\\bin\\PHP\\ext\\pdo_pgsql (\xd0\x9d\xd0\xb5 \xd0\xbd\xd0\xb0\xd0\xb9\xd0\xb4\xd0\xb5\xd0\xbd \xd1\x83\xd0\xba\xd0\xb0\xd0\xb7\xd0\xb0\xd0\xbd\xd0\xbd\xd1\x8b\xd0\xb9 \xd0\xbc\xd0\xbe\xd0\xb4\xd1\x83\xd0\xbb\xd1\x8c), E:\\Server\\bin\\PHP\\ext\\php_pdo_pgsql.dll (\xd0\x9d\xd0\xb5 \xd0\xbd\xd0\xb0\xd0\xb9\xd0\xb4\xd0\xb5\xd0\xbd \xd1\x83\xd0\xba\xd0\xb0\xd0\xb7\xd0\xb0\xd0\xbd\xd0\xbd\xd1\x8b\xd0\xb9 \xd0\xbc\xd0\xbe\xd0\xb4\xd1\x83\xd0\xbb\xd1\x8c)) in Unknown on line 0
PHP Warning:  PHP Startup: Unable to load dynamic library 'pdo_sqlite' (tried: E:\\Server\\bin\\PHP\\ext\\pdo_sqlite (\xd0\x9d\xd0\xb5 \xd0\xbd\xd0\xb0\xd0\xb9\xd0\xb4\xd0\xb5\xd0\xbd \xd1\x83\xd0\xba\xd0\xb0\xd0\xb7\xd0\xb0\xd0\xbd\xd0\xbd\xd1\x8b\xd0\xb9 \xd0\xbc\xd0\xbe\xd0\xb4\xd1\x83\xd0\xbb\xd1\x8c), E:\\Server\\bin\\PHP\\ext\\php_pdo_sqlite.dll (\xd0\x9d\xd0\xb5 \xd0\xbd\xd0\xb0\xd0\xb9\xd0\xb4\xd0\xb5\xd0\xbd \xd1\x83\xd0\xba\xd0\xb0\xd0\xb7\xd0\xb0\xd0\xbd\xd0\xbd\xd1\x8b\xd0\xb9 \xd0\xbc\xd0\xbe\xd0\xb4\xd1\x83\xd0\xbb\xd1\x8c)) in Unknown on line 0
PHP Warning:  PHP Startup: Unable to load dynamic library 'pgsql' (tried: E:\\Server\\bin\\PHP\\ext\\pgsql (\xd0\x9d\xd0\xb5 \xd0\xbd\xd0\xb0\xd0\xb9\xd0\xb4\xd0\xb5\xd0\xbd \xd1\x83\xd0\xba\xd0\xb0\xd0\xb7\xd0\xb0\xd0\xbd\xd0\xbd\xd1\x8b\xd0\xb9 \xd0\xbc\xd0\xbe\xd0\xb4\xd1\x83\xd0\xbb\xd1\x8c), E:\\Server\\bin\\PHP\\ext\\php_pgsql.dll (\xd0\x9d\xd0\xb5 \xd0\xbd\xd0\xb0\xd0\xb9\xd0\xb4\xd0\xb5\xd0\xbd \xd1\x83\xd0\xba\xd0\xb0\xd0\xb7\xd0\xb0\xd0\xbd\xd0\xbd\xd1\x8b\xd0\xb9 \xd0\xbc\xd0\xbe\xd0\xb4\xd1\x83\xd0\xbb\xd1\x8c)) in Unknown on line 0
PHP Warning:  PHP Startup: Unable to load dynamic library 'sodium' (tried: E:\\Server\\bin\\PHP\\ext\\sodium (\xd0\x9d\xd0\xb5 \xd0\xbd\xd0\xb0\xd0\xb9\xd0\xb4\xd0\xb5\xd0\xbd \xd1\x83\xd0\xba\xd0\xb0\xd0\xb7\xd0\xb0\xd0\xbd\xd0\xbd\xd1\x8b\xd0\xb9 \xd0\xbc\xd0\xbe\xd0\xb4\xd1\x83\xd0\xbb\xd1\x8c), E:\\Server\\bin\\PHP\\ext\\php_sodium.dll (\xd0\x9d\xd0\xb5 \xd0\xbd\xd0\xb0\xd0\xb9\xd0\xb4\xd0\xb5\xd0\xbd \xd1\x83\xd0\xba\xd0\xb0\xd0\xb7\xd0\xb0\xd0\xbd\xd0\xbd\xd1\x8b\xd0\xb9 \xd0\xbc\xd0\xbe\xd0\xb4\xd1\x83\xd0\xbb\xd1\x8c)) in Unknown on line 0
PHP Warning:  PHP Startup: Unable to load dynamic library 'sqlite3' (tried: E:\\Server\\bin\\PHP\\ext\\sqlite3 (\xd0\x9d\xd0\xb5 \xd0\xbd\xd0\xb0\xd0\xb9\xd0\xb4\xd0\xb5\xd0\xbd \xd1\x83\xd0\xba\xd0\xb0\xd0\xb7\xd0\xb0\xd0\xbd\xd0\xbd\xd1\x8b\xd0\xb9 \xd0\xbc\xd0\xbe\xd0\xb4\xd1\x83\xd0\xbb\xd1\x8c), E:\\Server\\bin\\PHP\\ext\\php_sqlite3.dll (\xd0\x9d\xd0\xb5 \xd0\xbd\xd0\xb0\xd0\xb9\xd0\xb4\xd0\xb5\xd0\xbd \xd1\x83\xd0\xba\xd0\xb0\xd0\xb7\xd0\xb0\xd0\xbd\xd0\xbd\xd1\x8b\xd0\xb9 \xd0\xbc\xd0\xbe\xd0\xb4\xd1\x83\xd0\xbb\xd1\x8c)) in Unknown on line 0
[Fri Apr 21 12:05:38.456480 2023] [mpm_winnt:notice] [pid 12808:tid 408] AH00354: Child: Starting 64 worker threads.
[Fri Apr 21 12:05:39.345631 2023] [mpm_winnt:notice] [pid 12084:tid 400] AH00364: Child: All worker threads have exited.
[Fri Apr 21 12:05:43.585448 2023] [core:alert] [pid 12808:tid 1176] [client 127.0.0.1:49242] E:/Server/data/htdocs/.htaccess: Invalid command 'Header', perhaps misspelled or defined by a module not included in the server configuration
[Fri Apr 21 12:06:23.748567 2023] [core:alert] [pid 12808:tid 1172] [client 127.0.0.1:49243] E:/Server/data/htdocs/.htaccess: Invalid command 'Header', perhaps misspelled or defined by a module not included in the server configuration
[Fri Apr 21 12:06:26.624617 2023] [mpm_winnt:notice] [pid 5488:tid 384] AH00424: Parent: Received restart signal -- Restarting the server.
PHP Warning:  PHP Startup: Unable to load dynamic library 'curl' (tried: E:\\Server\\bin\\PHP\\ext\\curl (\xd0\x9d\xd0\xb5 \xd0\xbd\xd0\xb0\xd0\xb9\xd0\xb4\xd0\xb5\xd0\xbd \xd1\x83\xd0\xba\xd0\xb0\xd0\xb7\xd0\xb0\xd0\xbd\xd0\xbd\xd1\x8b\xd0\xb9 \xd0\xbc\xd0\xbe\xd0\xb4\xd1\x83\xd0\xbb\xd1\x8c), E:\\Server\\bin\\PHP\\ext\\php_curl.dll (\xd0\x9d\xd0\xb5 \xd0\xbd\xd0\xb0\xd0\xb9\xd0\xb4\xd0\xb5\xd0\xbd \xd1\x83\xd0\xba\xd0\xb0\xd0\xb7\xd0\xb0\xd0\xbd\xd0\xbd\xd1\x8b\xd0\xb9 \xd0\xbc\xd0\xbe\xd0\xb4\xd1\x83\xd0\xbb\xd1\x8c)) in Unknown on line 0
PHP Warning:  PHP Startup: Unable to load dynamic library 'ftp' (tried: E:\\Server\\bin\\PHP\\ext\\ftp (\xd0\x9d\xd0\xb5 \xd0\xbd\xd0\xb0\xd0\xb9\xd0\xb4\xd0\xb5\xd0\xbd \xd1\x83\xd0\xba\xd0\xb0\xd0\xb7\xd0\xb0\xd0\xbd\xd0\xbd\xd1\x8b\xd0\xb9 \xd0\xbc\xd0\xbe\xd0\xb4\xd1\x83\xd0\xbb\xd1\x8c), E:\\Server\\bin\\PHP\\ext\\php_ftp.dll (\xd0\x9d\xd0\xb5 \xd0\xbd\xd0\xb0\xd0\xb9\xd0\xb4\xd0\xb5\xd0\xbd \xd1\x83\xd0\xba\xd0\xb0\xd0\xb7\xd0\xb0\xd0\xbd\xd0\xbd\xd1\x8b\xd0\xb9 \xd0\xbc\xd0\xbe\xd0\xb4\xd1\x83\xd0\xbb\xd1\x8c)) in Unknown on line 0
PHP Warning:  PHP Startup: Unable to load dynamic library 'intl' (tried: E:\\Server\\bin\\PHP\\ext\\intl (\xd0\x9d\xd0\xb5 \xd0\xbd\xd0\xb0\xd0\xb9\xd0\xb4\xd0\xb5\xd0\xbd \xd1\x83\xd0\xba\xd0\xb0\xd0\xb7\xd0\xb0\xd0\xbd\xd0\xbd\xd1\x8b\xd0\xb9 \xd0\xbc\xd0\xbe\xd0\xb4\xd1\x83\xd0\xbb\xd1\x8c), E:\\Server\\bin\\PHP\\ext\\php_intl.dll (\xd0\x9d\xd0\xb5 \xd0\xbd\xd0\xb0\xd0\xb9\xd0\xb4\xd0\xb5\xd0\xbd \xd1\x83\xd0\xba\xd0\xb0\xd0\xb7\xd0\xb0\xd0\xbd\xd0\xbd\xd1\x8b\xd0\xb9 \xd0\xbc\xd0\xbe\xd0\xb4\xd1\x83\xd0\xbb\xd1\x8c)) in Unknown on line 0
PHP Warning:  PHP Startup: Unable to load dynamic library 'oci8_12c' (tried: E:\\Server\\bin\\PHP\\ext\\oci8_12c (\xd0\x9d\xd0\xb5 \xd0\xbd\xd0\xb0\xd0\xb9\xd0\xb4\xd0\xb5\xd0\xbd \xd1\x83\xd0\xba\xd0\xb0\xd0\xb7\xd0\xb0\xd0\xbd\xd0\xbd\xd1\x8b\xd0\xb9 \xd0\xbc\xd0\xbe\xd0\xb4\xd1\x83\xd0\xbb\xd1\x8c), E:\\Server\\bin\\PHP\\ext\\php_oci8_12c.dll (\xd0\x9d\xd0\xb5 \xd0\xbd\xd0\xb0\xd0\xb9\xd0\xb4\xd0\xb5\xd0\xbd \xd1\x83\xd0\xba\xd0\xb0\xd0\xb7\xd0\xb0\xd0\xbd\xd0\xbd\xd1\x8b\xd0\xb9 \xd0\xbc\xd0\xbe\xd0\xb4\xd1\x83\xd0\xbb\xd1\x8c)) in Unknown on line 0
PHP Warning:  PHP Startup: Unable to load dynamic library 'openssl' (tried: E:\\Server\\bin\\PHP\\ext\\openssl (\xd0\x9d\xd0\xb5 \xd0\xbd\xd0\xb0\xd0\xb9\xd0\xb4\xd0\xb5\xd0\xbd \xd1\x83\xd0\xba\xd0\xb0\xd0\xb7\xd0\xb0\xd0\xbd\xd0\xbd\xd1\x8b\xd0\xb9 \xd0\xbc\xd0\xbe\xd0\xb4\xd1\x83\xd0\xbb\xd1\x8c), E:\\Server\\bin\\PHP\\ext\\php_openssl.dll (\xd0\x9d\xd0\xb5 \xd0\xbd\xd0\xb0\xd0\xb9\xd0\xb4\xd0\xb5\xd0\xbd \xd1\x83\xd0\xba\xd0\xb0\xd0\xb7\xd0\xb0\xd0\xbd\xd0\xbd\xd1\x8b\xd0\xb9 \xd0\xbc\xd0\xbe\xd0\xb4\xd1\x83\xd0\xbb\xd1\x8c)) in Unknown on line 0
PHP Warning:  PHP Startup: Unable to load dynamic library 'pdo_firebird' (tried: E:\\Server\\bin\\PHP\\ext\\pdo_firebird (\xd0\x9d\xd0\xb5 \xd0\xbd\xd0\xb0\xd0\xb9\xd0\xb4\xd0\xb5\xd0\xbd \xd1\x83\xd0\xba\xd0\xb0\xd0\xb7\xd0\xb0\xd0\xbd\xd0\xbd\xd1\x8b\xd0\xb9 \xd0\xbc\xd0\xbe\xd0\xb4\xd1\x83\xd0\xbb\xd1\x8c), E:\\Server\\bin\\PHP\\ext\\php_pdo_firebird.dll (\xd0\x9d\xd0\xb5 \xd0\xbd\xd0\xb0\xd0\xb9\xd0\xb4\xd0\xb5\xd0\xbd \xd1\x83\xd0\xba\xd0\xb0\xd0\xb7\xd0\xb0\xd0\xbd\xd0\xbd\xd1\x8b\xd0\xb9 \xd0\xbc\xd0\xbe\xd0\xb4\xd1\x83\xd0\xbb\xd1\x8c)) in Unknown on line 0
PHP Warning:  PHP Startup: Unable to load dynamic library 'pdo_oci' (tried: E:\\Server\\bin\\PHP\\ext\\pdo_oci (\xd0\x9d\xd0\xb5 \xd0\xbd\xd0\xb0\xd0\xb9\xd0\xb4\xd0\xb5\xd0\xbd \xd1\x83\xd0\xba\xd0\xb0\xd0\xb7\xd0\xb0\xd0\xbd\xd0\xbd\xd1\x8b\xd0\xb9 \xd0\xbc\xd0\xbe\xd0\xb4\xd1\x83\xd0\xbb\xd1\x8c), E:\\Server\\bin\\PHP\\ext\\php_pdo_oci.dll (\xd0\x9d\xd0\xb5 \xd0\xbd\xd0\xb0\xd0\xb9\xd0\xb4\xd0\xb5\xd0\xbd \xd1\x83\xd0\xba\xd0\xb0\xd0\xb7\xd0\xb0\xd0\xbd\xd0\xbd\xd1\x8b\xd0\xb9 \xd0\xbc\xd0\xbe\xd0\xb4\xd1\x83\xd0\xbb\xd1\x8c)) in Unknown on line 0
PHP Warning:  PHP Startup: Unable to load dynamic library 'pdo_pgsql' (tried: E:\\Server\\bin\\PHP\\ext\\pdo_pgsql (\xd0\x9d\xd0\xb5 \xd0\xbd\xd0\xb0\xd0\xb9\xd0\xb4\xd0\xb5\xd0\xbd \xd1\x83\xd0\xba\xd0\xb0\xd0\xb7\xd0\xb0\xd0\xbd\xd0\xbd\xd1\x8b\xd0\xb9 \xd0\xbc\xd0\xbe\xd0\xb4\xd1\x83\xd0\xbb\xd1\x8c), E:\\Server\\bin\\PHP\\ext\\php_pdo_pgsql.dll (\xd0\x9d\xd0\xb5 \xd0\xbd\xd0\xb0\xd0\xb9\xd0\xb4\xd0\xb5\xd0\xbd \xd1\x83\xd0\xba\xd0\xb0\xd0\xb7\xd0\xb0\xd0\xbd\xd0\xbd\xd1\x8b\xd0\xb9 \xd0\xbc\xd0\xbe\xd0\xb4\xd1\x83\xd0\xbb\xd1\x8c)) in Unknown on line 0
PHP Warning:  PHP Startup: Unable to load dynamic library 'pdo_sqlite' (tried: E:\\Server\\bin\\PHP\\ext\\pdo_sqlite (\xd0\x9d\xd0\xb5 \xd0\xbd\xd0\xb0\xd0\xb9\xd0\xb4\xd0\xb5\xd0\xbd \xd1\x83\xd0\xba\xd0\xb0\xd0\xb7\xd0\xb0\xd0\xbd\xd0\xbd\xd1\x8b\xd0\xb9 \xd0\xbc\xd0\xbe\xd0\xb4\xd1\x83\xd0\xbb\xd1\x8c), E:\\Server\\bin\\PHP\\ext\\php_pdo_sqlite.dll (\xd0\x9d\xd0\xb5 \xd0\xbd\xd0\xb0\xd0\xb9\xd0\xb4\xd0\xb5\xd0\xbd \xd1\x83\xd0\xba\xd0\xb0\xd0\xb7\xd0\xb0\xd0\xbd\xd0\xbd\xd1\x8b\xd0\xb9 \xd0\xbc\xd0\xbe\xd0\xb4\xd1\x83\xd0\xbb\xd1\x8c)) in Unknown on line 0
PHP Warning:  PHP Startup: Unable to load dynamic library 'pgsql' (tried: E:\\Server\\bin\\PHP\\ext\\pgsql (\xd0\x9d\xd0\xb5 \xd0\xbd\xd0\xb0\xd0\xb9\xd0\xb4\xd0\xb5\xd0\xbd \xd1\x83\xd0\xba\xd0\xb0\xd0\xb7\xd0\xb0\xd0\xbd\xd0\xbd\xd1\x8b\xd0\xb9 \xd0\xbc\xd0\xbe\xd0\xb4\xd1\x83\xd0\xbb\xd1\x8c), E:\\Server\\bin\\PHP\\ext\\php_pgsql.dll (\xd0\x9d\xd0\xb5 \xd0\xbd\xd0\xb0\xd0\xb9\xd0\xb4\xd0\xb5\xd0\xbd \xd1\x83\xd0\xba\xd0\xb0\xd0\xb7\xd0\xb0\xd0\xbd\xd0\xbd\xd1\x8b\xd0\xb9 \xd0\xbc\xd0\xbe\xd0\xb4\xd1\x83\xd0\xbb\xd1\x8c)) in Unknown on line 0
PHP Warning:  PHP Startup: Unable to load dynamic library 'sodium' (tried: E:\\Server\\bin\\PHP\\ext\\sodium (\xd0\x9d\xd0\xb5 \xd0\xbd\xd0\xb0\xd0\xb9\xd0\xb4\xd0\xb5\xd0\xbd \xd1\x83\xd0\xba\xd0\xb0\xd0\xb7\xd0\xb0\xd0\xbd\xd0\xbd\xd1\x8b\xd0\xb9 \xd0\xbc\xd0\xbe\xd0\xb4\xd1\x83\xd0\xbb\xd1\x8c), E:\\Server\\bin\\PHP\\ext\\php_sodium.dll (\xd0\x9d\xd0\xb5 \xd0\xbd\xd0\xb0\xd0\xb9\xd0\xb4\xd0\xb5\xd0\xbd \xd1\x83\xd0\xba\xd0\xb0\xd0\xb7\xd0\xb0\xd0\xbd\xd0\xbd\xd1\x8b\xd0\xb9 \xd0\xbc\xd0\xbe\xd0\xb4\xd1\x83\xd0\xbb\xd1\x8c)) in Unknown on line 0
PHP Warning:  PHP Startup: Unable to load dynamic library 'sqlite3' (tried: E:\\Server\\bin\\PHP\\ext\\sqlite3 (\xd0\x9d\xd0\xb5 \xd0\xbd\xd0\xb0\xd0\xb9\xd0\xb4\xd0\xb5\xd0\xbd \xd1\x83\xd0\xba\xd0\xb0\xd0\xb7\xd0\xb0\xd0\xbd\xd0\xbd\xd1\x8b\xd0\xb9 \xd0\xbc\xd0\xbe\xd0\xb4\xd1\x83\xd0\xbb\xd1\x8c), E:\\Server\\bin\\PHP\\ext\\php_sqlite3.dll (\xd0\x9d\xd0\xb5 \xd0\xbd\xd0\xb0\xd0\xb9\xd0\xb4\xd0\xb5\xd0\xbd \xd1\x83\xd0\xba\xd0\xb0\xd0\xb7\xd0\xb0\xd0\xbd\xd0\xbd\xd1\x8b\xd0\xb9 \xd0\xbc\xd0\xbe\xd0\xb4\xd1\x83\xd0\xbb\xd1\x8c)) in Unknown on line 0
[Fri Apr 21 12:06:26.682701 2023] [mpm_winnt:notice] [pid 5488:tid 384] AH00455: Apache/2.4.54 (Win64) PHP/8.2.4 configured -- resuming normal operations
[Fri Apr 21 12:06:26.682701 2023] [mpm_winnt:notice] [pid 5488:tid 384] AH00456: Apache Lounge VS16 Server built: Jun 22 2022 09:58:15
[Fri Apr 21 12:06:26.682701 2023] [core:notice] [pid 5488:tid 384] AH00094: Command line: 'E:\\Server\\bin\\Apache24\\bin\\httpd.exe -d E:/Server/bin/Apache24'
[Fri Apr 21 12:06:26.684700 2023] [mpm_winnt:notice] [pid 5488:tid 384] AH00418: Parent: Created child process 12304
PHP Warning:  PHP Startup: Unable to load dynamic library 'curl' (tried: E:\\Server\\bin\\PHP\\ext\\curl (\xd0\x9d\xd0\xb5 \xd0\xbd\xd0\xb0\xd0\xb9\xd0\xb4\xd0\xb5\xd0\xbd \xd1\x83\xd0\xba\xd0\xb0\xd0\xb7\xd0\xb0\xd0\xbd\xd0\xbd\xd1\x8b\xd0\xb9 \xd0\xbc\xd0\xbe\xd0\xb4\xd1\x83\xd0\xbb\xd1\x8c), E:\\Server\\bin\\PHP\\ext\\php_curl.dll (\xd0\x9d\xd0\xb5 \xd0\xbd\xd0\xb0\xd0\xb9\xd0\xb4\xd0\xb5\xd0\xbd \xd1\x83\xd0\xba\xd0\xb0\xd0\xb7\xd0\xb0\xd0\xbd\xd0\xbd\xd1\x8b\xd0\xb9 \xd0\xbc\xd0\xbe\xd0\xb4\xd1\x83\xd0\xbb\xd1\x8c)) in Unknown on line 0
PHP Warning:  PHP Startup: Unable to load dynamic library 'ftp' (tried: E:\\Server\\bin\\PHP\\ext\\ftp (\xd0\x9d\xd0\xb5 \xd0\xbd\xd0\xb0\xd0\xb9\xd0\xb4\xd0\xb5\xd0\xbd \xd1\x83\xd0\xba\xd0\xb0\xd0\xb7\xd0\xb0\xd0\xbd\xd0\xbd\xd1\x8b\xd0\xb9 \xd0\xbc\xd0\xbe\xd0\xb4\xd1\x83\xd0\xbb\xd1\x8c), E:\\Server\\bin\\PHP\\ext\\php_ftp.dll (\xd0\x9d\xd0\xb5 \xd0\xbd\xd0\xb0\xd0\xb9\xd0\xb4\xd0\xb5\xd0\xbd \xd1\x83\xd0\xba\xd0\xb0\xd0\xb7\xd0\xb0\xd0\xbd\xd0\xbd\xd1\x8b\xd0\xb9 \xd0\xbc\xd0\xbe\xd0\xb4\xd1\x83\xd0\xbb\xd1\x8c)) in Unknown on line 0
PHP Warning:  PHP Startup: Unable to load dynamic library 'intl' (tried: E:\\Server\\bin\\PHP\\ext\\intl (\xd0\x9d\xd0\xb5 \xd0\xbd\xd0\xb0\xd0\xb9\xd0\xb4\xd0\xb5\xd0\xbd \xd1\x83\xd0\xba\xd0\xb0\xd0\xb7\xd0\xb0\xd0\xbd\xd0\xbd\xd1\x8b\xd0\xb9 \xd0\xbc\xd0\xbe\xd0\xb4\xd1\x83\xd0\xbb\xd1\x8c), E:\\Server\\bin\\PHP\\ext\\php_intl.dll (\xd0\x9d\xd0\xb5 \xd0\xbd\xd0\xb0\xd0\xb9\xd0\xb4\xd0\xb5\xd0\xbd \xd1\x83\xd0\xba\xd0\xb0\xd0\xb7\xd0\xb0\xd0\xbd\xd0\xbd\xd1\x8b\xd0\xb9 \xd0\xbc\xd0\xbe\xd0\xb4\xd1\x83\xd0\xbb\xd1\x8c)) in Unknown on line 0
PHP Warning:  PHP Startup: Unable to load dynamic library 'oci8_12c' (tried: E:\\Server\\bin\\PHP\\ext\\oci8_12c (\xd0\x9d\xd0\xb5 \xd0\xbd\xd0\xb0\xd0\xb9\xd0\xb4\xd0\xb5\xd0\xbd \xd1\x83\xd0\xba\xd0\xb0\xd0\xb7\xd0\xb0\xd0\xbd\xd0\xbd\xd1\x8b\xd0\xb9 \xd0\xbc\xd0\xbe\xd0\xb4\xd1\x83\xd0\xbb\xd1\x8c), E:\\Server\\bin\\PHP\\ext\\php_oci8_12c.dll (\xd0\x9d\xd0\xb5 \xd0\xbd\xd0\xb0\xd0\xb9\xd0\xb4\xd0\xb5\xd0\xbd \xd1\x83\xd0\xba\xd0\xb0\xd0\xb7\xd0\xb0\xd0\xbd\xd0\xbd\xd1\x8b\xd0\xb9 \xd0\xbc\xd0\xbe\xd0\xb4\xd1\x83\xd0\xbb\xd1\x8c)) in Unknown on line 0
PHP Warning:  PHP Startup: Unable to load dynamic library 'openssl' (tried: E:\\Server\\bin\\PHP\\ext\\openssl (\xd0\x9d\xd0\xb5 \xd0\xbd\xd0\xb0\xd0\xb9\xd0\xb4\xd0\xb5\xd0\xbd \xd1\x83\xd0\xba\xd0\xb0\xd0\xb7\xd0\xb0\xd0\xbd\xd0\xbd\xd1\x8b\xd0\xb9 \xd0\xbc\xd0\xbe\xd0\xb4\xd1\x83\xd0\xbb\xd1\x8c), E:\\Server\\bin\\PHP\\ext\\php_openssl.dll (\xd0\x9d\xd0\xb5 \xd0\xbd\xd0\xb0\xd0\xb9\xd0\xb4\xd0\xb5\xd0\xbd \xd1\x83\xd0\xba\xd0\xb0\xd0\xb7\xd0\xb0\xd0\xbd\xd0\xbd\xd1\x8b\xd0\xb9 \xd0\xbc\xd0\xbe\xd0\xb4\xd1\x83\xd0\xbb\xd1\x8c)) in Unknown on line 0
PHP Warning:  PHP Startup: Unable to load dynamic library 'pdo_firebird' (tried: E:\\Server\\bin\\PHP\\ext\\pdo_firebird (\xd0\x9d\xd0\xb5 \xd0\xbd\xd0\xb0\xd0\xb9\xd0\xb4\xd0\xb5\xd0\xbd \xd1\x83\xd0\xba\xd0\xb0\xd0\xb7\xd0\xb0\xd0\xbd\xd0\xbd\xd1\x8b\xd0\xb9 \xd0\xbc\xd0\xbe\xd0\xb4\xd1\x83\xd0\xbb\xd1\x8c), E:\\Server\\bin\\PHP\\ext\\php_pdo_firebird.dll (\xd0\x9d\xd0\xb5 \xd0\xbd\xd0\xb0\xd0\xb9\xd0\xb4\xd0\xb5\xd0\xbd \xd1\x83\xd0\xba\xd0\xb0\xd0\xb7\xd0\xb0\xd0\xbd\xd0\xbd\xd1\x8b\xd0\xb9 \xd0\xbc\xd0\xbe\xd0\xb4\xd1\x83\xd0\xbb\xd1\x8c)) in Unknown on line 0
PHP Warning:  PHP Startup: Unable to load dynamic library 'pdo_oci' (tried: E:\\Server\\bin\\PHP\\ext\\pdo_oci (\xd0\x9d\xd0\xb5 \xd0\xbd\xd0\xb0\xd0\xb9\xd0\xb4\xd0\xb5\xd0\xbd \xd1\x83\xd0\xba\xd0\xb0\xd0\xb7\xd0\xb0\xd0\xbd\xd0\xbd\xd1\x8b\xd0\xb9 \xd0\xbc\xd0\xbe\xd0\xb4\xd1\x83\xd0\xbb\xd1\x8c), E:\\Server\\bin\\PHP\\ext\\php_pdo_oci.dll (\xd0\x9d\xd0\xb5 \xd0\xbd\xd0\xb0\xd0\xb9\xd0\xb4\xd0\xb5\xd0\xbd \xd1\x83\xd0\xba\xd0\xb0\xd0\xb7\xd0\xb0\xd0\xbd\xd0\xbd\xd1\x8b\xd0\xb9 \xd0\xbc\xd0\xbe\xd0\xb4\xd1\x83\xd0\xbb\xd1\x8c)) in Unknown on line 0
PHP Warning:  PHP Startup: Unable to load dynamic library 'pdo_pgsql' (tried: E:\\Server\\bin\\PHP\\ext\\pdo_pgsql (\xd0\x9d\xd0\xb5 \xd0\xbd\xd0\xb0\xd0\xb9\xd0\xb4\xd0\xb5\xd0\xbd \xd1\x83\xd0\xba\xd0\xb0\xd0\xb7\xd0\xb0\xd0\xbd\xd0\xbd\xd1\x8b\xd0\xb9 \xd0\xbc\xd0\xbe\xd0\xb4\xd1\x83\xd0\xbb\xd1\x8c), E:\\Server\\bin\\PHP\\ext\\php_pdo_pgsql.dll (\xd0\x9d\xd0\xb5 \xd0\xbd\xd0\xb0\xd0\xb9\xd0\xb4\xd0\xb5\xd0\xbd \xd1\x83\xd0\xba\xd0\xb0\xd0\xb7\xd0\xb0\xd0\xbd\xd0\xbd\xd1\x8b\xd0\xb9 \xd0\xbc\xd0\xbe\xd0\xb4\xd1\x83\xd0\xbb\xd1\x8c)) in Unknown on line 0
PHP Warning:  PHP Startup: Unable to load dynamic library 'pdo_sqlite' (tried: E:\\Server\\bin\\PHP\\ext\\pdo_sqlite (\xd0\x9d\xd0\xb5 \xd0\xbd\xd0\xb0\xd0\xb9\xd0\xb4\xd0\xb5\xd0\xbd \xd1\x83\xd0\xba\xd0\xb0\xd0\xb7\xd0\xb0\xd0\xbd\xd0\xbd\xd1\x8b\xd0\xb9 \xd0\xbc\xd0\xbe\xd0\xb4\xd1\x83\xd0\xbb\xd1\x8c), E:\\Server\\bin\\PHP\\ext\\php_pdo_sqlite.dll (\xd0\x9d\xd0\xb5 \xd0\xbd\xd0\xb0\xd0\xb9\xd0\xb4\xd0\xb5\xd0\xbd \xd1\x83\xd0\xba\xd0\xb0\xd0\xb7\xd0\xb0\xd0\xbd\xd0\xbd\xd1\x8b\xd0\xb9 \xd0\xbc\xd0\xbe\xd0\xb4\xd1\x83\xd0\xbb\xd1\x8c)) in Unknown on line 0
PHP Warning:  PHP Startup: Unable to load dynamic library 'pgsql' (tried: E:\\Server\\bin\\PHP\\ext\\pgsql (\xd0\x9d\xd0\xb5 \xd0\xbd\xd0\xb0\xd0\xb9\xd0\xb4\xd0\xb5\xd0\xbd \xd1\x83\xd0\xba\xd0\xb0\xd0\xb7\xd0\xb0\xd0\xbd\xd0\xbd\xd1\x8b\xd0\xb9 \xd0\xbc\xd0\xbe\xd0\xb4\xd1\x83\xd0\xbb\xd1\x8c), E:\\Server\\bin\\PHP\\ext\\php_pgsql.dll (\xd0\x9d\xd0\xb5 \xd0\xbd\xd0\xb0\xd0\xb9\xd0\xb4\xd0\xb5\xd0\xbd \xd1\x83\xd0\xba\xd0\xb0\xd0\xb7\xd0\xb0\xd0\xbd\xd0\xbd\xd1\x8b\xd0\xb9 \xd0\xbc\xd0\xbe\xd0\xb4\xd1\x83\xd0\xbb\xd1\x8c)) in Unknown on line 0
PHP Warning:  PHP Startup: Unable to load dynamic library 'sodium' (tried: E:\\Server\\bin\\PHP\\ext\\sodium (\xd0\x9d\xd0\xb5 \xd0\xbd\xd0\xb0\xd0\xb9\xd0\xb4\xd0\xb5\xd0\xbd \xd1\x83\xd0\xba\xd0\xb0\xd0\xb7\xd0\xb0\xd0\xbd\xd0\xbd\xd1\x8b\xd0\xb9 \xd0\xbc\xd0\xbe\xd0\xb4\xd1\x83\xd0\xbb\xd1\x8c), E:\\Server\\bin\\PHP\\ext\\php_sodium.dll (\xd0\x9d\xd0\xb5 \xd0\xbd\xd0\xb0\xd0\xb9\xd0\xb4\xd0\xb5\xd0\xbd \xd1\x83\xd0\xba\xd0\xb0\xd0\xb7\xd0\xb0\xd0\xbd\xd0\xbd\xd1\x8b\xd0\xb9 \xd0\xbc\xd0\xbe\xd0\xb4\xd1\x83\xd0\xbb\xd1\x8c)) in Unknown on line 0
PHP Warning:  PHP Startup: Unable to load dynamic library 'sqlite3' (tried: E:\\Server\\bin\\PHP\\ext\\sqlite3 (\xd0\x9d\xd0\xb5 \xd0\xbd\xd0\xb0\xd0\xb9\xd0\xb4\xd0\xb5\xd0\xbd \xd1\x83\xd0\xba\xd0\xb0\xd0\xb7\xd0\xb0\xd0\xbd\xd0\xbd\xd1\x8b\xd0\xb9 \xd0\xbc\xd0\xbe\xd0\xb4\xd1\x83\xd0\xbb\xd1\x8c), E:\\Server\\bin\\PHP\\ext\\php_sqlite3.dll (\xd0\x9d\xd0\xb5 \xd0\xbd\xd0\xb0\xd0\xb9\xd0\xb4\xd0\xb5\xd0\xbd \xd1\x83\xd0\xba\xd0\xb0\xd0\xb7\xd0\xb0\xd0\xbd\xd0\xbd\xd1\x8b\xd0\xb9 \xd0\xbc\xd0\xbe\xd0\xb4\xd1\x83\xd0\xbb\xd1\x8c)) in Unknown on line 0
[Fri Apr 21 12:06:27.626090 2023] [mpm_winnt:notice] [pid 12304:tid 400] AH00354: Child: Starting 64 worker threads.
[Fri Apr 21 12:06:29.396913 2023] [core:alert] [pid 12808:tid 1176] [client 127.0.0.1:49251] E:/Server/data/htdocs/.htaccess: Invalid command 'Header', perhaps misspelled or defined by a module not included in the server configuration
[Fri Apr 21 12:06:29.403904 2023] [mpm_winnt:notice] [pid 12808:tid 408] AH00364: Child: All worker threads have exited.
[Fri Apr 21 12:06:29.835072 2023] [authz_core:error] [pid 12304:tid 1200] [client 127.0.0.1:49252] AH01630: client denied by server configuration: E:/Server/data/htdocs/.htaccess
[Fri Apr 21 12:06:31.948725 2023] [php:notice] [pid 12304:tid 1200] [client 127.0.0.1:49252] PHP Notice:  session_start(): Ignoring session_start() because a session is already active in E:\\Server\\data\\htdocs\\site\\html_components\\header.php on line 2, referer: http://127.0.0.1:81/
[Fri Apr 21 12:06:31.950742 2023] [php:error] [pid 12304:tid 1200] [client 127.0.0.1:49252] PHP Fatal error:  Uncaught mysqli_sql_exception: Table 'site.chapters' doesn't exist in E:\\Server\\data\\htdocs\\site\\index.php:27\nStack trace:\n#0 E:\\Server\\data\\htdocs\\site\\index.php(27): mysqli->query('SELECT * FROM `...')\n#1 {main}\n  thrown in E:\\Server\\data\\htdocs\\site\\index.php on line 27, referer: http://127.0.0.1:81/
[Fri Apr 21 12:06:33.872265 2023] [php:notice] [pid 12304:tid 1200] [client 127.0.0.1:49252] PHP Notice:  session_start(): Ignoring session_start() because a session is already active in E:\\Server\\data\\htdocs\\site\\html_components\\header.php on line 2, referer: http://127.0.0.1:81/
[Fri Apr 21 12:06:33.874266 2023] [php:error] [pid 12304:tid 1200] [client 127.0.0.1:49252] PHP Fatal error:  Uncaught mysqli_sql_exception: Table 'site.chapters' doesn't exist in E:\\Server\\data\\htdocs\\site\\index.php:27\nStack trace:\n#0 E:\\Server\\data\\htdocs\\site\\index.php(27): mysqli->query('SELECT * FROM `...')\n#1 {main}\n  thrown in E:\\Server\\data\\htdocs\\site\\index.php on line 27, referer: http://127.0.0.1:81/
[Fri Apr 21 12:06:34.527296 2023] [php:notice] [pid 12304:tid 1200] [client 127.0.0.1:49252] PHP Notice:  session_start(): Ignoring session_start() because a session is already active in E:\\Server\\data\\htdocs\\site\\html_components\\header.php on line 2, referer: http://127.0.0.1:81/
[Fri Apr 21 12:06:34.528297 2023] [php:error] [pid 12304:tid 1200] [client 127.0.0.1:49252] PHP Fatal error:  Uncaught mysqli_sql_exception: Table 'site.chapters' doesn't exist in E:\\Server\\data\\htdocs\\site\\index.php:27\nStack trace:\n#0 E:\\Server\\data\\htdocs\\site\\index.php(27): mysqli->query('SELECT * FROM `...')\n#1 {main}\n  thrown in E:\\Server\\data\\htdocs\\site\\index.php on line 27, referer: http://127.0.0.1:81/
[Fri Apr 21 12:06:39.978216 2023] [php:notice] [pid 12304:tid 1224] [client 127.0.0.1:49253] PHP Notice:  session_start(): Ignoring session_start() because a session is already active in E:\\Server\\data\\htdocs\\site\\html_components\\header.php on line 2, referer: http://127.0.0.1:81/
[Fri Apr 21 12:06:39.980239 2023] [php:error] [pid 12304:tid 1224] [client 127.0.0.1:49253] PHP Fatal error:  Uncaught mysqli_sql_exception: Table 'site.chapters' doesn't exist in E:\\Server\\data\\htdocs\\site\\index.php:27\nStack trace:\n#0 E:\\Server\\data\\htdocs\\site\\index.php(27): mysqli->query('SELECT * FROM `...')\n#1 {main}\n  thrown in E:\\Server\\data\\htdocs\\site\\index.php on line 27, referer: http://127.0.0.1:81/
[Fri Apr 21 12:06:43.164609 2023] [authz_core:error] [pid 12304:tid 1224] [client 127.0.0.1:49253] AH01630: client denied by server configuration: E:/Server/data/htdocs/.htaccess
[Fri Apr 21 12:06:44.777605 2023] [php:notice] [pid 12304:tid 1224] [client 127.0.0.1:49253] PHP Notice:  session_start(): Ignoring session_start() because a session is already active in E:\\Server\\data\\htdocs\\site\\html_components\\header.php on line 2, referer: http://127.0.0.1:81/
[Fri Apr 21 12:06:44.779605 2023] [php:error] [pid 12304:tid 1224] [client 127.0.0.1:49253] PHP Fatal error:  Uncaught mysqli_sql_exception: Table 'site.chapters' doesn't exist in E:\\Server\\data\\htdocs\\site\\index.php:27\nStack trace:\n#0 E:\\Server\\data\\htdocs\\site\\index.php(27): mysqli->query('SELECT * FROM `...')\n#1 {main}\n  thrown in E:\\Server\\data\\htdocs\\site\\index.php on line 27, referer: http://127.0.0.1:81/
[Fri Apr 21 12:07:39.478378 2023] [php:notice] [pid 12304:tid 1200] [client 127.0.0.1:49259] PHP Notice:  session_start(): Ignoring session_start() because a session is already active in E:\\Server\\data\\htdocs\\html_components\\header.php on line 2
[Fri Apr 21 12:07:39.478378 2023] [php:warn] [pid 12304:tid 1200] [client 127.0.0.1:49259] PHP Warning:  require_once(E:\\Server\\data\\htdocs\\site\\scripts\\connect_to_db.php): Failed to open stream: No such file or directory in E:\\Server\\data\\htdocs\\html_components\\header.php on line 18
[Fri Apr 21 12:07:39.478378 2023] [php:error] [pid 12304:tid 1200] [client 127.0.0.1:49259] PHP Fatal error:  Uncaught Error: Failed opening required 'E:/Server/data/htdocs/site/scripts/connect_to_db.php' (include_path='.;C:\\php\\pear') in E:\\Server\\data\\htdocs\\html_components\\header.php:18\nStack trace:\n#0 E:\\Server\\data\\htdocs\\index.php(19): include()\n#1 {main}\n  thrown in E:\\Server\\data\\htdocs\\html_components\\header.php on line 18
[Fri Apr 21 12:07:57.316534 2023] [authz_core:error] [pid 12304:tid 1224] [client 127.0.0.1:49274] AH01630: client denied by server configuration: E:/Server/data/htdocs/.htaccess
[Fri Apr 21 12:08:03.608748 2023] [php:notice] [pid 12304:tid 1224] [client 127.0.0.1:49274] PHP Notice:  session_start(): Ignoring session_start() because a session is already active in E:\\Server\\data\\htdocs\\site\\html_components\\header.php on line 2, referer: http://127.0.0.1:81/
[Fri Apr 21 12:08:03.609747 2023] [php:error] [pid 12304:tid 1224] [client 127.0.0.1:49274] PHP Fatal error:  Uncaught mysqli_sql_exception: Table 'site.chapters' doesn't exist in E:\\Server\\data\\htdocs\\site\\index.php:27\nStack trace:\n#0 E:\\Server\\data\\htdocs\\site\\index.php(27): mysqli->query('SELECT * FROM `...')\n#1 {main}\n  thrown in E:\\Server\\data\\htdocs\\site\\index.php on line 27, referer: http://127.0.0.1:81/
[Fri Apr 21 12:15:07.901221 2023] [authz_core:error] [pid 12304:tid 1224] [client 127.0.0.1:49822] AH01630: client denied by server configuration: E:/Server/data/htdocs/.htaccess
[Fri Apr 21 12:15:47.937714 2023] [mpm_winnt:notice] [pid 5488:tid 384] AH00424: Parent: Received restart signal -- Restarting the server.
PHP Warning:  PHP Startup: Unable to load dynamic library 'curl' (tried: E:\\Server\\bin\\PHP\\ext\\curl (\xd0\x9d\xd0\xb5 \xd0\xbd\xd0\xb0\xd0\xb9\xd0\xb4\xd0\xb5\xd0\xbd \xd1\x83\xd0\xba\xd0\xb0\xd0\xb7\xd0\xb0\xd0\xbd\xd0\xbd\xd1\x8b\xd0\xb9 \xd0\xbc\xd0\xbe\xd0\xb4\xd1\x83\xd0\xbb\xd1\x8c), E:\\Server\\bin\\PHP\\ext\\php_curl.dll (\xd0\x9d\xd0\xb5 \xd0\xbd\xd0\xb0\xd0\xb9\xd0\xb4\xd0\xb5\xd0\xbd \xd1\x83\xd0\xba\xd0\xb0\xd0\xb7\xd0\xb0\xd0\xbd\xd0\xbd\xd1\x8b\xd0\xb9 \xd0\xbc\xd0\xbe\xd0\xb4\xd1\x83\xd0\xbb\xd1\x8c)) in Unknown on line 0
PHP Warning:  PHP Startup: Unable to load dynamic library 'ftp' (tried: E:\\Server\\bin\\PHP\\ext\\ftp (\xd0\x9d\xd0\xb5 \xd0\xbd\xd0\xb0\xd0\xb9\xd0\xb4\xd0\xb5\xd0\xbd \xd1\x83\xd0\xba\xd0\xb0\xd0\xb7\xd0\xb0\xd0\xbd\xd0\xbd\xd1\x8b\xd0\xb9 \xd0\xbc\xd0\xbe\xd0\xb4\xd1\x83\xd0\xbb\xd1\x8c), E:\\Server\\bin\\PHP\\ext\\php_ftp.dll (\xd0\x9d\xd0\xb5 \xd0\xbd\xd0\xb0\xd0\xb9\xd0\xb4\xd0\xb5\xd0\xbd \xd1\x83\xd0\xba\xd0\xb0\xd0\xb7\xd0\xb0\xd0\xbd\xd0\xbd\xd1\x8b\xd0\xb9 \xd0\xbc\xd0\xbe\xd0\xb4\xd1\x83\xd0\xbb\xd1\x8c)) in Unknown on line 0
PHP Warning:  PHP Startup: Unable to load dynamic library 'intl' (tried: E:\\Server\\bin\\PHP\\ext\\intl (\xd0\x9d\xd0\xb5 \xd0\xbd\xd0\xb0\xd0\xb9\xd0\xb4\xd0\xb5\xd0\xbd \xd1\x83\xd0\xba\xd0\xb0\xd0\xb7\xd0\xb0\xd0\xbd\xd0\xbd\xd1\x8b\xd0\xb9 \xd0\xbc\xd0\xbe\xd0\xb4\xd1\x83\xd0\xbb\xd1\x8c), E:\\Server\\bin\\PHP\\ext\\php_intl.dll (\xd0\x9d\xd0\xb5 \xd0\xbd\xd0\xb0\xd0\xb9\xd0\xb4\xd0\xb5\xd0\xbd \xd1\x83\xd0\xba\xd0\xb0\xd0\xb7\xd0\xb0\xd0\xbd\xd0\xbd\xd1\x8b\xd0\xb9 \xd0\xbc\xd0\xbe\xd0\xb4\xd1\x83\xd0\xbb\xd1\x8c)) in Unknown on line 0
PHP Warning:  PHP Startup: Unable to load dynamic library 'oci8_12c' (tried: E:\\Server\\bin\\PHP\\ext\\oci8_12c (\xd0\x9d\xd0\xb5 \xd0\xbd\xd0\xb0\xd0\xb9\xd0\xb4\xd0\xb5\xd0\xbd \xd1\x83\xd0\xba\xd0\xb0\xd0\xb7\xd0\xb0\xd0\xbd\xd0\xbd\xd1\x8b\xd0\xb9 \xd0\xbc\xd0\xbe\xd0\xb4\xd1\x83\xd0\xbb\xd1\x8c), E:\\Server\\bin\\PHP\\ext\\php_oci8_12c.dll (\xd0\x9d\xd0\xb5 \xd0\xbd\xd0\xb0\xd0\xb9\xd0\xb4\xd0\xb5\xd0\xbd \xd1\x83\xd0\xba\xd0\xb0\xd0\xb7\xd0\xb0\xd0\xbd\xd0\xbd\xd1\x8b\xd0\xb9 \xd0\xbc\xd0\xbe\xd0\xb4\xd1\x83\xd0\xbb\xd1\x8c)) in Unknown on line 0
PHP Warning:  PHP Startup: Unable to load dynamic library 'openssl' (tried: E:\\Server\\bin\\PHP\\ext\\openssl (\xd0\x9d\xd0\xb5 \xd0\xbd\xd0\xb0\xd0\xb9\xd0\xb4\xd0\xb5\xd0\xbd \xd1\x83\xd0\xba\xd0\xb0\xd0\xb7\xd0\xb0\xd0\xbd\xd0\xbd\xd1\x8b\xd0\xb9 \xd0\xbc\xd0\xbe\xd0\xb4\xd1\x83\xd0\xbb\xd1\x8c), E:\\Server\\bin\\PHP\\ext\\php_openssl.dll (\xd0\x9d\xd0\xb5 \xd0\xbd\xd0\xb0\xd0\xb9\xd0\xb4\xd0\xb5\xd0\xbd \xd1\x83\xd0\xba\xd0\xb0\xd0\xb7\xd0\xb0\xd0\xbd\xd0\xbd\xd1\x8b\xd0\xb9 \xd0\xbc\xd0\xbe\xd0\xb4\xd1\x83\xd0\xbb\xd1\x8c)) in Unknown on line 0
PHP Warning:  PHP Startup: Unable to load dynamic library 'pdo_firebird' (tried: E:\\Server\\bin\\PHP\\ext\\pdo_firebird (\xd0\x9d\xd0\xb5 \xd0\xbd\xd0\xb0\xd0\xb9\xd0\xb4\xd0\xb5\xd0\xbd \xd1\x83\xd0\xba\xd0\xb0\xd0\xb7\xd0\xb0\xd0\xbd\xd0\xbd\xd1\x8b\xd0\xb9 \xd0\xbc\xd0\xbe\xd0\xb4\xd1\x83\xd0\xbb\xd1\x8c), E:\\Server\\bin\\PHP\\ext\\php_pdo_firebird.dll (\xd0\x9d\xd0\xb5 \xd0\xbd\xd0\xb0\xd0\xb9\xd0\xb4\xd0\xb5\xd0\xbd \xd1\x83\xd0\xba\xd0\xb0\xd0\xb7\xd0\xb0\xd0\xbd\xd0\xbd\xd1\x8b\xd0\xb9 \xd0\xbc\xd0\xbe\xd0\xb4\xd1\x83\xd0\xbb\xd1\x8c)) in Unknown on line 0
PHP Warning:  PHP Startup: Unable to load dynamic library 'pdo_oci' (tried: E:\\Server\\bin\\PHP\\ext\\pdo_oci (\xd0\x9d\xd0\xb5 \xd0\xbd\xd0\xb0\xd0\xb9\xd0\xb4\xd0\xb5\xd0\xbd \xd1\x83\xd0\xba\xd0\xb0\xd0\xb7\xd0\xb0\xd0\xbd\xd0\xbd\xd1\x8b\xd0\xb9 \xd0\xbc\xd0\xbe\xd0\xb4\xd1\x83\xd0\xbb\xd1\x8c), E:\\Server\\bin\\PHP\\ext\\php_pdo_oci.dll (\xd0\x9d\xd0\xb5 \xd0\xbd\xd0\xb0\xd0\xb9\xd0\xb4\xd0\xb5\xd0\xbd \xd1\x83\xd0\xba\xd0\xb0\xd0\xb7\xd0\xb0\xd0\xbd\xd0\xbd\xd1\x8b\xd0\xb9 \xd0\xbc\xd0\xbe\xd0\xb4\xd1\x83\xd0\xbb\xd1\x8c)) in Unknown on line 0
PHP Warning:  PHP Startup: Unable to load dynamic library 'pdo_pgsql' (tried: E:\\Server\\bin\\PHP\\ext\\pdo_pgsql (\xd0\x9d\xd0\xb5 \xd0\xbd\xd0\xb0\xd0\xb9\xd0\xb4\xd0\xb5\xd0\xbd \xd1\x83\xd0\xba\xd0\xb0\xd0\xb7\xd0\xb0\xd0\xbd\xd0\xbd\xd1\x8b\xd0\xb9 \xd0\xbc\xd0\xbe\xd0\xb4\xd1\x83\xd0\xbb\xd1\x8c), E:\\Server\\bin\\PHP\\ext\\php_pdo_pgsql.dll (\xd0\x9d\xd0\xb5 \xd0\xbd\xd0\xb0\xd0\xb9\xd0\xb4\xd0\xb5\xd0\xbd \xd1\x83\xd0\xba\xd0\xb0\xd0\xb7\xd0\xb0\xd0\xbd\xd0\xbd\xd1\x8b\xd0\xb9 \xd0\xbc\xd0\xbe\xd0\xb4\xd1\x83\xd0\xbb\xd1\x8c)) in Unknown on line 0
PHP Warning:  PHP Startup: Unable to load dynamic library 'pdo_sqlite' (tried: E:\\Server\\bin\\PHP\\ext\\pdo_sqlite (\xd0\x9d\xd0\xb5 \xd0\xbd\xd0\xb0\xd0\xb9\xd0\xb4\xd0\xb5\xd0\xbd \xd1\x83\xd0\xba\xd0\xb0\xd0\xb7\xd0\xb0\xd0\xbd\xd0\xbd\xd1\x8b\xd0\xb9 \xd0\xbc\xd0\xbe\xd0\xb4\xd1\x83\xd0\xbb\xd1\x8c), E:\\Server\\bin\\PHP\\ext\\php_pdo_sqlite.dll (\xd0\x9d\xd0\xb5 \xd0\xbd\xd0\xb0\xd0\xb9\xd0\xb4\xd0\xb5\xd0\xbd \xd1\x83\xd0\xba\xd0\xb0\xd0\xb7\xd0\xb0\xd0\xbd\xd0\xbd\xd1\x8b\xd0\xb9 \xd0\xbc\xd0\xbe\xd0\xb4\xd1\x83\xd0\xbb\xd1\x8c)) in Unknown on line 0
PHP Warning:  PHP Startup: Unable to load dynamic library 'pgsql' (tried: E:\\Server\\bin\\PHP\\ext\\pgsql (\xd0\x9d\xd0\xb5 \xd0\xbd\xd0\xb0\xd0\xb9\xd0\xb4\xd0\xb5\xd0\xbd \xd1\x83\xd0\xba\xd0\xb0\xd0\xb7\xd0\xb0\xd0\xbd\xd0\xbd\xd1\x8b\xd0\xb9 \xd0\xbc\xd0\xbe\xd0\xb4\xd1\x83\xd0\xbb\xd1\x8c), E:\\Server\\bin\\PHP\\ext\\php_pgsql.dll (\xd0\x9d\xd0\xb5 \xd0\xbd\xd0\xb0\xd0\xb9\xd0\xb4\xd0\xb5\xd0\xbd \xd1\x83\xd0\xba\xd0\xb0\xd0\xb7\xd0\xb0\xd0\xbd\xd0\xbd\xd1\x8b\xd0\xb9 \xd0\xbc\xd0\xbe\xd0\xb4\xd1\x83\xd0\xbb\xd1\x8c)) in Unknown on line 0
PHP Warning:  PHP Startup: Unable to load dynamic library 'sodium' (tried: E:\\Server\\bin\\PHP\\ext\\sodium (\xd0\x9d\xd0\xb5 \xd0\xbd\xd0\xb0\xd0\xb9\xd0\xb4\xd0\xb5\xd0\xbd \xd1\x83\xd0\xba\xd0\xb0\xd0\xb7\xd0\xb0\xd0\xbd\xd0\xbd\xd1\x8b\xd0\xb9 \xd0\xbc\xd0\xbe\xd0\xb4\xd1\x83\xd0\xbb\xd1\x8c), E:\\Server\\bin\\PHP\\ext\\php_sodium.dll (\xd0\x9d\xd0\xb5 \xd0\xbd\xd0\xb0\xd0\xb9\xd0\xb4\xd0\xb5\xd0\xbd \xd1\x83\xd0\xba\xd0\xb0\xd0\xb7\xd0\xb0\xd0\xbd\xd0\xbd\xd1\x8b\xd0\xb9 \xd0\xbc\xd0\xbe\xd0\xb4\xd1\x83\xd0\xbb\xd1\x8c)) in Unknown on line 0
PHP Warning:  PHP Startup: Unable to load dynamic library 'sqlite3' (tried: E:\\Server\\bin\\PHP\\ext\\sqlite3 (\xd0\x9d\xd0\xb5 \xd0\xbd\xd0\xb0\xd0\xb9\xd0\xb4\xd0\xb5\xd0\xbd \xd1\x83\xd0\xba\xd0\xb0\xd0\xb7\xd0\xb0\xd0\xbd\xd0\xbd\xd1\x8b\xd0\xb9 \xd0\xbc\xd0\xbe\xd0\xb4\xd1\x83\xd0\xbb\xd1\x8c), E:\\Server\\bin\\PHP\\ext\\php_sqlite3.dll (\xd0\x9d\xd0\xb5 \xd0\xbd\xd0\xb0\xd0\xb9\xd0\xb4\xd0\xb5\xd0\xbd \xd1\x83\xd0\xba\xd0\xb0\xd0\xb7\xd0\xb0\xd0\xbd\xd0\xbd\xd1\x8b\xd0\xb9 \xd0\xbc\xd0\xbe\xd0\xb4\xd1\x83\xd0\xbb\xd1\x8c)) in Unknown on line 0
[Fri Apr 21 12:15:49.952751 2023] [mpm_winnt:notice] [pid 12304:tid 400] AH00364: Child: All worker threads have exited.
[Fri Apr 21 12:15:49.962751 2023] [mpm_winnt:notice] [pid 5488:tid 384] AH00455: Apache/2.4.54 (Win64) PHP/8.2.4 configured -- resuming normal operations
[Fri Apr 21 12:15:49.962751 2023] [mpm_winnt:notice] [pid 5488:tid 384] AH00456: Apache Lounge VS16 Server built: Jun 22 2022 09:58:15
[Fri Apr 21 12:15:49.962751 2023] [core:notice] [pid 5488:tid 384] AH00094: Command line: 'E:\\Server\\bin\\Apache24\\bin\\httpd.exe -d E:/Server/bin/Apache24'
[Fri Apr 21 12:15:49.966751 2023] [mpm_winnt:notice] [pid 5488:tid 384] AH00418: Parent: Created child process 10684
PHP Warning:  PHP Startup: Unable to load dynamic library 'curl' (tried: E:\\Server\\bin\\PHP\\ext\\curl (\xd0\x9d\xd0\xb5 \xd0\xbd\xd0\xb0\xd0\xb9\xd0\xb4\xd0\xb5\xd0\xbd \xd1\x83\xd0\xba\xd0\xb0\xd0\xb7\xd0\xb0\xd0\xbd\xd0\xbd\xd1\x8b\xd0\xb9 \xd0\xbc\xd0\xbe\xd0\xb4\xd1\x83\xd0\xbb\xd1\x8c), E:\\Server\\bin\\PHP\\ext\\php_curl.dll (\xd0\x9d\xd0\xb5 \xd0\xbd\xd0\xb0\xd0\xb9\xd0\xb4\xd0\xb5\xd0\xbd \xd1\x83\xd0\xba\xd0\xb0\xd0\xb7\xd0\xb0\xd0\xbd\xd0\xbd\xd1\x8b\xd0\xb9 \xd0\xbc\xd0\xbe\xd0\xb4\xd1\x83\xd0\xbb\xd1\x8c)) in Unknown on line 0
PHP Warning:  PHP Startup: Unable to load dynamic library 'ftp' (tried: E:\\Server\\bin\\PHP\\ext\\ftp (\xd0\x9d\xd0\xb5 \xd0\xbd\xd0\xb0\xd0\xb9\xd0\xb4\xd0\xb5\xd0\xbd \xd1\x83\xd0\xba\xd0\xb0\xd0\xb7\xd0\xb0\xd0\xbd\xd0\xbd\xd1\x8b\xd0\xb9 \xd0\xbc\xd0\xbe\xd0\xb4\xd1\x83\xd0\xbb\xd1\x8c), E:\\Server\\bin\\PHP\\ext\\php_ftp.dll (\xd0\x9d\xd0\xb5 \xd0\xbd\xd0\xb0\xd0\xb9\xd0\xb4\xd0\xb5\xd0\xbd \xd1\x83\xd0\xba\xd0\xb0\xd0\xb7\xd0\xb0\xd0\xbd\xd0\xbd\xd1\x8b\xd0\xb9 \xd0\xbc\xd0\xbe\xd0\xb4\xd1\x83\xd0\xbb\xd1\x8c)) in Unknown on line 0
PHP Warning:  PHP Startup: Unable to load dynamic library 'intl' (tried: E:\\Server\\bin\\PHP\\ext\\intl (\xd0\x9d\xd0\xb5 \xd0\xbd\xd0\xb0\xd0\xb9\xd0\xb4\xd0\xb5\xd0\xbd \xd1\x83\xd0\xba\xd0\xb0\xd0\xb7\xd0\xb0\xd0\xbd\xd0\xbd\xd1\x8b\xd0\xb9 \xd0\xbc\xd0\xbe\xd0\xb4\xd1\x83\xd0\xbb\xd1\x8c), E:\\Server\\bin\\PHP\\ext\\php_intl.dll (\xd0\x9d\xd0\xb5 \xd0\xbd\xd0\xb0\xd0\xb9\xd0\xb4\xd0\xb5\xd0\xbd \xd1\x83\xd0\xba\xd0\xb0\xd0\xb7\xd0\xb0\xd0\xbd\xd0\xbd\xd1\x8b\xd0\xb9 \xd0\xbc\xd0\xbe\xd0\xb4\xd1\x83\xd0\xbb\xd1\x8c)) in Unknown on line 0
PHP Warning:  PHP Startup: Unable to load dynamic library 'oci8_12c' (tried: E:\\Server\\bin\\PHP\\ext\\oci8_12c (\xd0\x9d\xd0\xb5 \xd0\xbd\xd0\xb0\xd0\xb9\xd0\xb4\xd0\xb5\xd0\xbd \xd1\x83\xd0\xba\xd0\xb0\xd0\xb7\xd0\xb0\xd0\xbd\xd0\xbd\xd1\x8b\xd0\xb9 \xd0\xbc\xd0\xbe\xd0\xb4\xd1\x83\xd0\xbb\xd1\x8c), E:\\Server\\bin\\PHP\\ext\\php_oci8_12c.dll (\xd0\x9d\xd0\xb5 \xd0\xbd\xd0\xb0\xd0\xb9\xd0\xb4\xd0\xb5\xd0\xbd \xd1\x83\xd0\xba\xd0\xb0\xd0\xb7\xd0\xb0\xd0\xbd\xd0\xbd\xd1\x8b\xd0\xb9 \xd0\xbc\xd0\xbe\xd0\xb4\xd1\x83\xd0\xbb\xd1\x8c)) in Unknown on line 0
